// Jest Snapshot v1, https://goo.gl/fbAQLP

exports[`App matches the snapshot for App 1`] = `
Object {
  "asFragment": [Function],
  "baseElement": <body>
    <div>
      <section
        class="center"
        style="width: 80%;"
      >
        <img
          alt="EmployeePolls Logo"
          src="/employeepolls.png"
        />
        <h4>
          Log in
        </h4>
        <div />
        <form>
          <label
            for="userId"
          >
            User
          </label>
          <select
            id="userId"
            name="userId"
          >
            <option
              value=""
            />
          </select>
          <label
            for="password"
          >
            Password
          </label>
          <input
            id="password"
            name="password"
            type="password"
            value=""
          />
          <button
            disabled=""
            type="button"
          >
            Submit
          </button>
        </form>
      </section>
    </div>
  </body>,
  "container": <div>
    <section
      class="center"
      style="width: 80%;"
    >
      <img
        alt="EmployeePolls Logo"
        src="/employeepolls.png"
      />
      <h4>
        Log in
      </h4>
      <div />
      <form>
        <label
          for="userId"
        >
          User
        </label>
        <select
          id="userId"
          name="userId"
        >
          <option
            value=""
          />
        </select>
        <label
          for="password"
        >
          Password
        </label>
        <input
          id="password"
          name="password"
          type="password"
          value=""
        />
        <button
          disabled=""
          type="button"
        >
          Submit
        </button>
      </form>
    </section>
  </div>,
  "debug": [Function],
  "findAllByAltText": [Function],
  "findAllByDisplayValue": [Function],
  "findAllByLabelText": [Function],
  "findAllByPlaceholderText": [Function],
  "findAllByRole": [Function],
  "findAllByTestId": [Function],
  "findAllByText": [Function],
  "findAllByTitle": [Function],
  "findByAltText": [Function],
  "findByDisplayValue": [Function],
  "findByLabelText": [Function],
  "findByPlaceholderText": [Function],
  "findByRole": [Function],
  "findByTestId": [Function],
  "findByText": [Function],
  "findByTitle": [Function],
  "getAllByAltText": [Function],
  "getAllByDisplayValue": [Function],
  "getAllByLabelText": [Function],
  "getAllByPlaceholderText": [Function],
  "getAllByRole": [Function],
  "getAllByTestId": [Function],
  "getAllByText": [Function],
  "getAllByTitle": [Function],
  "getByAltText": [Function],
  "getByDisplayValue": [Function],
  "getByLabelText": [Function],
  "getByPlaceholderText": [Function],
  "getByRole": [Function],
  "getByTestId": [Function],
  "getByText": [Function],
  "getByTitle": [Function],
  "queryAllByAltText": [Function],
  "queryAllByDisplayValue": [Function],
  "queryAllByLabelText": [Function],
  "queryAllByPlaceholderText": [Function],
  "queryAllByRole": [Function],
  "queryAllByTestId": [Function],
  "queryAllByText": [Function],
  "queryAllByTitle": [Function],
  "queryByAltText": [Function],
  "queryByDisplayValue": [Function],
  "queryByLabelText": [Function],
  "queryByPlaceholderText": [Function],
  "queryByRole": [Function],
  "queryByTestId": [Function],
  "queryByText": [Function],
  "queryByTitle": [Function],
  "rerender": [Function],
  "unmount": [Function],
}
`;
